
     Program POST-PROC v.7.5 starts on 28Jul2026 at 17:48:18 

     This program is part of the open-source Quantum ESPRESSO suite
     for quantum simulation of materials; please cite
         "P. Giannozzi et al., J. Phys.:Condens. Matter 21 395502 (2009);
         "P. Giannozzi et al., J. Phys.:Condens. Matter 29 465901 (2017);
         "P. Giannozzi et al., J. Chem. Phys. 152 154105 (2020);
          URL http://www.quantum-espresso.org", 
     in publications or presentations arising from this work. More details at
     http://www.quantum-espresso.org/quote

     Parallel version (MPI), running on     1 processors

     MPI processes distributed on     1 nodes
     12108 MiB available memory on the printing compute node when the environment starts


     Reading xml data from directory:

     ./NaCl.save/

     IMPORTANT: XC functional enforced from input :
     Exchange-correlation= PBE
                           (   1   4   3   4   0   0   0)
     Any further DFT definition will be discarded
     Please, verify this is what you really want


     G-vector sticks info
     --------------------
     sticks:   dense  smooth     PW     G-vecs:    dense   smooth      PW
     Sum        1417     931    283                35053    18907    3143

     Using Slab Decomposition


     negative rho (up, down):  1.419E-02 0.000E+00

     Calling punch_plot, plot_num =   9
     Check: negative starting charge=   -0.014610
     Writing data to file  ppoutputfile.txt
     Reading data from file  ppoutputfile.txt

     Writing data to be plotted to file myplot.cube
     Plot Type: 3D                     Output format: Gaussian cube

     POST-PROC    :      0.92s CPU      1.14s WALL


   This run was terminated on:  17:48:19  28Jul2026            

=------------------------------------------------------------------------------=
   JOB DONE.
=------------------------------------------------------------------------------=
